# Linux 基础入门命令

```bash
Authenticating with public key 
     ┌────────────────────────────────────────────────────────────────────┐
     │                        • MobaXterm 12.1 •                          │
     │            (SSH client, X-server and networking tools)             │
     │                                                                    │
     │ ➤ SSH session to benny@home.lan                                    │
     │   • SSH compression : ✔                                            │
     │   • SSH-browser     : ✔                                            │
     │   • X11-forwarding  : ✔  (remote display is forwarded through SSH) │
     │   • DISPLAY         : ✔  (automatically set on remote server)      │
     │                                                                    │
     │ ➤ For more info, ctrl+click on help or visit our website           │
     └────────────────────────────────────────────────────────────────────┘

Welcome to Ubuntu 18.04.3 LTS (GNU/Linux 5.0.0-32-generic x86_64)

 * Documentation:  https://help.ubuntu.com
 * Management:     https://landscape.canonical.com
 * Support:        https://ubuntu.com/advantage

 * Kata Containers are now fully integrated in Charmed Kubernetes 1.16!
   Yes, charms take the Krazy out of K8s Kata Kluster Konstruction.

     https://ubuntu.com/kubernetes/docs/release-notes

 * Canonical Livepatch is available for installation.
   - Reduce system reboots and improve kernel security. Activate at:
     https://ubuntu.com/livepatch

125 packages can be updated.
0 updates are security updates.

Your Hardware Enablement Stack (HWE) is supported until April 2023.
Last login: Tue Oct 29 20:57:25 2019 from 192.168.7.168
# 列出文件
benny@home:~$ ls
Apps  Desktop  Documents  Downloads  examples.desktop  Music  Pictures  Public  samba  Templates  unixbench.sh  Videos
benny@home:~$
benny@home:~$

# 长格式显示文件，会有更多的信息
benny@home:~$ ls -l
total 56
drwxrwxr-x 3 benny benny 4096 10月 10 19:48 Apps
drwxr-xr-x 2 benny benny 4096 10月  7 18:44 Desktop
drwxr-xr-x 2 benny benny 4096 10月  7 18:44 Documents
drwxr-xr-x 2 benny benny 4096 10月  7 18:44 Downloads
-rw-r--r-- 1 benny benny 8980 10月  7 18:36 examples.desktop
drwxr-xr-x 2 benny benny 4096 10月  7 18:44 Music
drwxr-xr-x 2 benny benny 4096 10月  7 18:44 Pictures
drwxr-xr-x 2 benny benny 4096 10月  7 18:44 Public
drwxrwxrwx 4 root  root  4096 10月 29 20:51 samba
drwxr-xr-x 2 benny benny 4096 10月  7 18:44 Templates
-rwxrwxr-x 1 benny benny 1560 10月  9 21:46 unixbench.sh
drwxr-xr-x 2 benny benny 4096 10月  7 18:44 Videos

# 以易读的格式显示文件大小
benny@home:~$ ls -lh
total 56K
drwxrwxr-x 3 benny benny 4.0K 10月 10 19:48 Apps
drwxr-xr-x 2 benny benny 4.0K 10月  7 18:44 Desktop
drwxr-xr-x 2 benny benny 4.0K 10月  7 18:44 Documents
drwxr-xr-x 2 benny benny 4.0K 10月  7 18:44 Downloads
-rw-r--r-- 1 benny benny 8.8K 10月  7 18:36 examples.desktop
drwxr-xr-x 2 benny benny 4.0K 10月  7 18:44 Music
drwxr-xr-x 2 benny benny 4.0K 10月  7 18:44 Pictures
drwxr-xr-x 2 benny benny 4.0K 10月  7 18:44 Public
drwxrwxrwx 4 root  root  4.0K 10月 29 20:51 samba
drwxr-xr-x 2 benny benny 4.0K 10月  7 18:44 Templates
-rwxrwxr-x 1 benny benny 1.6K 10月  9 21:46 unixbench.sh
drwxr-xr-x 2 benny benny 4.0K 10月  7 18:44 Videos


# 创建文件夹 mydir
benny@home:~$ mkdir mydir

# 切换到这个目录
benny@home:~$ cd mydir

# 绝对路径切换
benny@home:~/mydir$ cd /home/benny/mydir

# 打印当前工作目录
benny@home:~/mydir$ pwd
/home/benny/mydir

# 创建空文件
benny@home:~/mydir$ touch first.txt

# 删除文件
benny@home:~/mydir$ rm first.txt

# 删除目录
benny@home:~/$ rm -rf mydir/

# 重命名文件123.txt为12345.txt
benny@home:~/mydir$ mv 123.txt 12345.txt

# 任务管理器
benny@home:~/mydir$ top
top - 18:59:46 up 1 day, 22:16,  1 user,  load average: 0.00, 0.00, 0.00
Tasks: 226 total,   1 running, 153 sleeping,   0 stopped,   0 zombie
%Cpu(s):  0.2 us,  0.0 sy,  0.0 ni, 99.8 id,  0.0 wa,  0.0 hi,  0.0 si,  0.0 st
KiB Mem :  2037620 total,   290628 free,   230880 used,  1516112 buff/cache
KiB Swap:  1003516 total,   984060 free,    19456 used.  1625632 avail Mem

  PID USER      PR  NI    VIRT    RES    SHR S  %CPU %MEM     TIME+ COMMAND
32625 benny     20   0   51340   4276   3540 R   0.3  0.2   0:00.05 top
    1 root      20   0  160208   6684   4412 S   0.0  0.3   0:04.16 systemd
    2 root      20   0       0      0      0 S   0.0  0.0   0:00.04 kthreadd
    3 root       0 -20       0      0      0 I   0.0  0.0   0:00.00 rcu_gp
    4 root       0 -20       0      0      0 I   0.0  0.0   0:00.00 rcu_par_gp
    6 root       0 -20       0      0      0 I   0.0  0.0   0:00.00 kworker/0:0H-kb
    8 root       0 -20       0      0      0 I   0.0  0.0   0:00.00 mm_percpu_wq
    9 root      20   0       0      0      0 S   0.0  0.0   0:00.68 ksoftirqd/0
   10 root      20   0       0      0      0 I   0.0  0.0   0:41.86 rcu_sched
   11 root      rt   0       0      0      0 S   0.0  0.0   0:00.61 migration/0
   12 root     -51   0       0      0      0 S   0.0  0.0   0:00.00 idle_inject/0
   14 root      20   0       0      0      0 S   0.0  0.0   0:00.00 cpuhp/0
   15 root      20   0       0      0      0 S   0.0  0.0   0:00.00 cpuhp/1
   16 root     -51   0       0      0      0 S   0.0  0.0   0:00.00 idle_inject/1
   17 root      rt   0       0      0      0 S   0.0  0.0   0:00.59 migration/1
   18 root      20   0       0      0      0 S   0.0  0.0   0:00.47 ksoftirqd/1
   20 root       0 -20       0      0      0 I   0.0  0.0   0:00.00 kworker/1:0H-kb
   21 root      20   0       0      0      0 S   0.0  0.0   0:00.00 kdevtmpfs
   22 root       0 -20       0      0      0 I   0.0  0.0   0:00.00 netns
   23 root      20   0       0      0      0 S   0.0  0.0   0:00.00 rcu_tasks_kthre
   24 root      20   0       0      0      0 S   0.0  0.0   0:00.00 kauditd
   25 root      20   0       0      0      0 S   0.0  0.0   0:00.24 khungtaskd
   26 root      20   0       0      0      0 S   0.0  0.0   0:00.00 oom_reaper
   27 root       0 -20       0      0      0 I   0.0  0.0   0:00.00 writeback
   28 root      20   0       0      0      0 S   0.0  0.0   0:00.00 kcompactd0
   29 root      25   5       0      0      0 S   0.0  0.0   0:00.00 ksmd
   30 root      39  19       0      0      0 S   0.0  0.0   0:00.00 khugepaged
   31 root       0 -20       0      0      0 I   0.0  0.0   0:00.00 crypto

# 安装软件 cowsay
benny@home:~/mydir$ sudo apt install cowsay
Reading package lists... Done
Building dependency tree
Reading state information... Done
Suggested packages:
  filters cowsay-off
The following NEW packages will be installed:
  cowsay
0 upgraded, 1 newly installed, 0 to remove and 120 not upgraded.
Need to get 17.7 kB of archives.
After this operation, 89.1 kB of additional disk space will be used.
Get:1 http://mirrors.aliyun.com/ubuntu bionic/universe amd64 cowsay all 3.03+dfsg2-4 [17.7 kB]
Fetched 17.7 kB in 0s (56.8 kB/s)
Selecting previously unselected package cowsay.
(Reading database ... 177395 files and directories currently installed.)
Preparing to unpack .../cowsay_3.03+dfsg2-4_all.deb ...
Unpacking cowsay (3.03+dfsg2-4) ...
Setting up cowsay (3.03+dfsg2-4) ...
Processing triggers for man-db (2.8.3-2ubuntu0.1) ...

# 使用cowsay
benny@home:~/mydir$ cowsay hello!
 ________
< hello! >
 --------
        \   ^__^
         \  (oo)\_______
            (__)\       )\/\
                ||----w |
                ||     ||
benny@home:~/mydir$

# 查看内存使用信息
benny@home:~/mydir$ free -h
              total        used        free      shared  buff/cache   available
Mem:           1.9G        227M        249M        2.6M        1.5G        1.5G
Swap:          979M         19M        960M
# 查看硬盘使用信息
benny@home:~/mydir$ df -h
Filesystem                   Size  Used Avail Use% Mounted on
udev                         971M     0  971M   0% /dev
tmpfs                        199M  2.8M  197M   2% /run
/dev/mapper/ubuntu--vg-root   30G   16G   13G  57% /
tmpfs                        995M     0  995M   0% /dev/shm
tmpfs                        5.0M     0  5.0M   0% /run/lock
tmpfs                        995M     0  995M   0% /sys/fs/cgroup
/dev/loop2                   3.8M  3.8M     0 100% /snap/gnome-system-monitor/107
/dev/loop3                    15M   15M     0 100% /snap/gnome-characters/359
/dev/loop0                   1.0M  1.0M     0 100% /snap/gnome-logs/61
/dev/loop7                   4.3M  4.3M     0 100% /snap/gnome-calculator/536
/dev/loop1                    90M   90M     0 100% /snap/core/7713
/dev/loop6                    55M   55M     0 100% /snap/core18/1192
/dev/loop4                   4.3M  4.3M     0 100% /snap/gnome-calculator/544
/dev/loop5                   157M  157M     0 100% /snap/gnome-3-28-1804/91
/dev/loop8                    55M   55M     0 100% /snap/core18/1223
/dev/loop10                   90M   90M     0 100% /snap/core/7917
/dev/loop9                    43M   43M     0 100% /snap/gtk-common-themes/1313
/dev/loop12                  150M  150M     0 100% /snap/gnome-3-28-1804/71
/dev/loop11                  1.0M  1.0M     0 100% /snap/gnome-logs/81
/dev/loop13                  3.8M  3.8M     0 100% /snap/gnome-system-monitor/100
/dev/loop14                   15M   15M     0 100% /snap/gnome-characters/317
/dev/loop15                   45M   45M     0 100% /snap/gtk-common-themes/1353
tmpfs                        199M     0  199M   0% /run/user/1000

# screenfetch

benny@home:~/mydir$ screenfetch
                          ./+o+-       benny@home
                  yyyyy- -yyyyyy+      OS: Ubuntu 18.04 bionic
               ://+//////-yyyyyyo      Kernel: x86_64 Linux 5.0.0-32-generic
           .++ .:/++++++/-.+sss/`      Uptime: 1d 22h 17m
         .:++o:  /++++++++/:--:/-      Packages: 1775
        o:+o+:++.`..```.-/oo+++++/     Shell: bash 4.4.20
       .:+o:+o/.          `+sssoo+/    Resolution: 1280x720
  .++/+:+oo+o:`             /sssooo.   WM: Not Found
 /+++//+:`oo+o               /::--:.   CPU: Intel Core i5-7260U @ 2x 2.208GHz
 \+/+o+++`o++o               ++////.   GPU: svgadrmfb
  .++.o+++oo+:`             /dddhhh.   RAM: 228MiB / 1989MiB
       .+.o+oo:.          `oddhhhh+
        \+.++o+o``-````.:ohdhhhhh+
         `:o+++ `ohhhhhhhhyo++os:
           .o:`.syhhhhhhh/.oo++o`
               /osyyyyyyo++ooo+++/
                   ````` +oo+++o\:
                          `oo++.

# vim编辑文件，esc回到命令模式，:w保存:q退出
benny@home:~/mydir$ vim 12345.txt

# 输出文件全部内容
benny@home:~/mydir$ cat 12345.txt
hello
world
this
is
your

# 倒序输出文件全部内容
benny@home:~/mydir$ tac 12345.txt
your
is
this
world
hello

# 查看文件开头
benny@home:~/mydir$ head 12345.txt
hello
world
this
is
your
1
2
3
4
5

# 查看文件开头5行
benny@home:~/mydir$ head -n 3 12345.txt
hello
world
this

# 查看文件尾
benny@home:~/mydir$ tail 12345.txt
7
8
9
9
9
7
5
55
5
5

# 查看文件最后5行
benny@home:~/mydir$ tail -n 3 12345.txt
55
5
5

# 拷贝文件
benny@home:~/mydir$ cp 12345.txt abc.txt
benny@home:~/mydir$ ls
12345.txt  abc.txt
# 拷贝目录/usr/share/到当前目录
benny@home:~/mydir$ cp -R /usr/share/ ./

# 修改密码
benny@home:~/mydir$ passwd benny
Changing password for benny.
(current) UNIX password:

# toilet locat 和jp2a

benny@home:~/mydir$ sudo apt install toilet lolcat jp2a
Reading package lists... Done

benny@home:~/mydir$ toilet hello

 #             ""#    ""#
 # mm    mmm     #      #     mmm
 #"  #  #"  #    #      #    #" "#
 #   #  #""""    #      #    #   #
 #   #  "#mm"    "mm    "mm  "#m#"

# hello 字符画会变成随机彩色
benny@home:~/mydir$ toilet hello|lolcat

 #             ""#    ""#
 # mm    mmm     #      #     mmm
 #"  #  #"  #    #      #    #" "#
 #   #  #""""    #      #    #   #
 #   #  "#mm"    "mm    "mm  "#m#"



# 将123.jpg转化为字符画
benny@home:~/mydir$ jp2a 123.jpg


# 增加用户 nu
benny@home:~/mydir$ sudo useradd nu
# 切换到用户nu
benny@home:~/mydir$ sudo su nu
# 查看当前用户名
$ whoami
nu
$ exit

# man和info查看手册
benny@home:~/mydir$ man ls;info ls


# 压缩mydir目录为 pkg.tar.bz2，使用bz2做压缩算法
benny@home:~$ tar jcpvf pkg.tar.bz2 mydir/
mydir/
mydir/abc.txt
mydir/12345.txt

# 解压缩pkg.tar.bz2
benny@home:~$ tar xvf pkg.tar.bz2
mydir/
mydir/abc.txt
mydir/12345.txt




# 关机
sudo shutdown -h now
# 重启
sudo reboot

# 清屏
clear

# 重设终端
reset
```
